// Jest Snapshot v1, https://goo.gl/fbAQLP

exports[`LoginScreen should render LoginScreen corectly 1`] = `
<View>
  <Text
    accessible={true}
    allowFontScaling={true}
    ellipsizeMode="tail"
  >
    Test
  </Text>
</View>
`;
